Number of Timing Constraints that were not applied: 1

Asterisk (*) preceding a constraint indicates it was not met.
   This may be due to a setup or hold violation.

------------------------------------------------------------------------------------------------------
  Constraint                                |  Check  | Worst Case |  Best Case | Timing |   Timing   
                                            |         |    Slack   | Achievable | Errors |    Score   
------------------------------------------------------------------------------------------------------
  PERIOD analysis for net "clk_50_gen/CLKDV | SETUP   |     4.438ns|    15.562ns|       0|           0
  _BUF" derived from  NET "USER_CLK_IBUFG"  | HOLD    |     0.260ns|            |       0|           0
  PERIOD = 10 ns HIGH 50%                   |         |            |            |        |            
------------------------------------------------------------------------------------------------------
  NET "USER_CLK_IBUFG" PERIOD = 10 ns HIGH  | N/A     |         N/A|         N/A|     N/A|         N/A
  50%                                       |         |            |            |        |            
------------------------------------------------------------------------------------------------------


Derived Constraint Report
Derived Constraints for USER_CLK_IBUFG
+-------------------------------+-------------+-------------+-------------+-------------+-------------+-------------+-------------+
|                               |   Period    |       Actual Period       |      Timing Errors        |      Paths Analyzed       |
|           Constraint          | Requirement |-------------+-------------|-------------+-------------|-------------+-------------|
|                               |             |   Direct    | Derivative  |   Direct    | Derivative  |   Direct    | Derivative  |
+-------------------------------+-------------+-------------+-------------+-------------+-------------+-------------+-------------+
|USER_CLK_IBUFG                 |     10.000ns|          N/A|      7.781ns|            0|            0|            0|     59992871|
| clk_50_gen/CLKDV_BUF          |     20.000ns|     15.562ns|          N/A|            0|            0|     59992871|            0|
+-------------------------------+-------------+-------------+-------------+-------------+-------------+-------------+-------------+

All constraints were met.
INFO:Timing:2761 - N/A entries in the Constraints list may indicate that the 
   constraint does not cover any paths or that it has no requested value.


